<testsuites name="results">
  <testsuite name="all" package="all">
    <property name="random_seed" value="1784540543" />
    <testcase name="test_instruction_memory" classname="test_instruction_memory" file="/Users/phuonglam/Documents/PlatformIO/Projects/single_cycle_cpu/tests/test_instruction_memory.py" lineno="3" time="0.0009970664978027344" sim_time_ns="13.0" ratio_time="13038.247728359636" />
  </testsuite>
</testsuites>